###############################################################################
#
# IAR ELF Linker V8.22.1.15669/W32 for ARM                02/Nov/2021  12:58:59
# Copyright 2007-2018 IAR Systems AB.
#
#    Output file  =  
#        D:\ProjectWork\20.Double_Band\Code
#        test\nRF5SDK1702d674dde\nRF5_SDK_17.0.2_d674dde\examples\peripheral\twi_scanner\pca10056\blank\iar\_build\twi_scanner_pca10056.out
#    Map file     =  
#        D:\ProjectWork\20.Double_Band\Code
#        test\nRF5SDK1702d674dde\nRF5_SDK_17.0.2_d674dde\examples\peripheral\twi_scanner\pca10056\blank\iar\_build\twi_scanner_pca10056.map
#    Command line =  
#        -f C:\Users\Yolo\AppData\Local\Temp\EW931D.tmp
#        ("D:\ProjectWork\20.Double_Band\Code
#        test\nRF5SDK1702d674dde\nRF5_SDK_17.0.2_d674dde\examples\peripheral\twi_scanner\pca10056\blank\iar\_build\app_error.o"
#        "D:\ProjectWork\20.Double_Band\Code
#        test\nRF5SDK1702d674dde\nRF5_SDK_17.0.2_d674dde\examples\peripheral\twi_scanner\pca10056\blank\iar\_build\app_error_handler_iar.o"
#        "D:\ProjectWork\20.Double_Band\Code
#        test\nRF5SDK1702d674dde\nRF5_SDK_17.0.2_d674dde\examples\peripheral\twi_scanner\pca10056\blank\iar\_build\app_error_weak.o"
#        "D:\ProjectWork\20.Double_Band\Code
#        test\nRF5SDK1702d674dde\nRF5_SDK_17.0.2_d674dde\examples\peripheral\twi_scanner\pca10056\blank\iar\_build\app_util_platform.o"
#        "D:\ProjectWork\20.Double_Band\Code
#        test\nRF5SDK1702d674dde\nRF5_SDK_17.0.2_d674dde\examples\peripheral\twi_scanner\pca10056\blank\iar\_build\boards.o"
#        "D:\ProjectWork\20.Double_Band\Code
#        test\nRF5SDK1702d674dde\nRF5_SDK_17.0.2_d674dde\examples\peripheral\twi_scanner\pca10056\blank\iar\_build\iar_startup_nrf52840.o"
#        "D:\ProjectWork\20.Double_Band\Code
#        test\nRF5SDK1702d674dde\nRF5_SDK_17.0.2_d674dde\examples\peripheral\twi_scanner\pca10056\blank\iar\_build\main.o"
#        "D:\ProjectWork\20.Double_Band\Code
#        test\nRF5SDK1702d674dde\nRF5_SDK_17.0.2_d674dde\examples\peripheral\twi_scanner\pca10056\blank\iar\_build\nrf_assert.o"
#        "D:\ProjectWork\20.Double_Band\Code
#        test\nRF5SDK1702d674dde\nRF5_SDK_17.0.2_d674dde\examples\peripheral\twi_scanner\pca10056\blank\iar\_build\nrf_atomic.o"
#        "D:\ProjectWork\20.Double_Band\Code
#        test\nRF5SDK1702d674dde\nRF5_SDK_17.0.2_d674dde\examples\peripheral\twi_scanner\pca10056\blank\iar\_build\nrf_balloc.o"
#        "D:\ProjectWork\20.Double_Band\Code
#        test\nRF5SDK1702d674dde\nRF5_SDK_17.0.2_d674dde\examples\peripheral\twi_scanner\pca10056\blank\iar\_build\nrf_drv_twi.o"
#        "D:\ProjectWork\20.Double_Band\Code
#        test\nRF5SDK1702d674dde\nRF5_SDK_17.0.2_d674dde\examples\peripheral\twi_scanner\pca10056\blank\iar\_build\nrf_drv_uart.o"
#        "D:\ProjectWork\20.Double_Band\Code
#        test\nRF5SDK1702d674dde\nRF5_SDK_17.0.2_d674dde\examples\peripheral\twi_scanner\pca10056\blank\iar\_build\nrf_fprintf.o"
#        "D:\ProjectWork\20.Double_Band\Code
#        test\nRF5SDK1702d674dde\nRF5_SDK_17.0.2_d674dde\examples\peripheral\twi_scanner\pca10056\blank\iar\_build\nrf_fprintf_format.o"
#        "D:\ProjectWork\20.Double_Band\Code
#        test\nRF5SDK1702d674dde\nRF5_SDK_17.0.2_d674dde\examples\peripheral\twi_scanner\pca10056\blank\iar\_build\nrf_log_backend_rtt.o"
#        "D:\ProjectWork\20.Double_Band\Code
#        test\nRF5SDK1702d674dde\nRF5_SDK_17.0.2_d674dde\examples\peripheral\twi_scanner\pca10056\blank\iar\_build\nrf_log_backend_serial.o"
#        "D:\ProjectWork\20.Double_Band\Code
#        test\nRF5SDK1702d674dde\nRF5_SDK_17.0.2_d674dde\examples\peripheral\twi_scanner\pca10056\blank\iar\_build\nrf_log_backend_uart.o"
#        "D:\ProjectWork\20.Double_Band\Code
#        test\nRF5SDK1702d674dde\nRF5_SDK_17.0.2_d674dde\examples\peripheral\twi_scanner\pca10056\blank\iar\_build\nrf_log_default_backends.o"
#        "D:\ProjectWork\20.Double_Band\Code
#        test\nRF5SDK1702d674dde\nRF5_SDK_17.0.2_d674dde\examples\peripheral\twi_scanner\pca10056\blank\iar\_build\nrf_log_frontend.o"
#        "D:\ProjectWork\20.Double_Band\Code
#        test\nRF5SDK1702d674dde\nRF5_SDK_17.0.2_d674dde\examples\peripheral\twi_scanner\pca10056\blank\iar\_build\nrf_log_str_formatter.o"
#        "D:\ProjectWork\20.Double_Band\Code
#        test\nRF5SDK1702d674dde\nRF5_SDK_17.0.2_d674dde\examples\peripheral\twi_scanner\pca10056\blank\iar\_build\nrf_memobj.o"
#        "D:\ProjectWork\20.Double_Band\Code
#        test\nRF5SDK1702d674dde\nRF5_SDK_17.0.2_d674dde\examples\peripheral\twi_scanner\pca10056\blank\iar\_build\nrf_ringbuf.o"
#        "D:\ProjectWork\20.Double_Band\Code
#        test\nRF5SDK1702d674dde\nRF5_SDK_17.0.2_d674dde\examples\peripheral\twi_scanner\pca10056\blank\iar\_build\nrf_strerror.o"
#        "D:\ProjectWork\20.Double_Band\Code
#        test\nRF5SDK1702d674dde\nRF5_SDK_17.0.2_d674dde\examples\peripheral\twi_scanner\pca10056\blank\iar\_build\nrfx_atomic.o"
#        "D:\ProjectWork\20.Double_Band\Code
#        test\nRF5SDK1702d674dde\nRF5_SDK_17.0.2_d674dde\examples\peripheral\twi_scanner\pca10056\blank\iar\_build\nrfx_prs.o"
#        "D:\ProjectWork\20.Double_Band\Code
#        test\nRF5SDK1702d674dde\nRF5_SDK_17.0.2_d674dde\examples\peripheral\twi_scanner\pca10056\blank\iar\_build\nrfx_twi.o"
#        "D:\ProjectWork\20.Double_Band\Code
#        test\nRF5SDK1702d674dde\nRF5_SDK_17.0.2_d674dde\examples\peripheral\twi_scanner\pca10056\blank\iar\_build\nrfx_twim.o"
#        "D:\ProjectWork\20.Double_Band\Code
#        test\nRF5SDK1702d674dde\nRF5_SDK_17.0.2_d674dde\examples\peripheral\twi_scanner\pca10056\blank\iar\_build\nrfx_uart.o"
#        "D:\ProjectWork\20.Double_Band\Code
#        test\nRF5SDK1702d674dde\nRF5_SDK_17.0.2_d674dde\examples\peripheral\twi_scanner\pca10056\blank\iar\_build\nrfx_uarte.o"
#        "D:\ProjectWork\20.Double_Band\Code
#        test\nRF5SDK1702d674dde\nRF5_SDK_17.0.2_d674dde\examples\peripheral\twi_scanner\pca10056\blank\iar\_build\SEGGER_RTT.o"
#        "D:\ProjectWork\20.Double_Band\Code
#        test\nRF5SDK1702d674dde\nRF5_SDK_17.0.2_d674dde\examples\peripheral\twi_scanner\pca10056\blank\iar\_build\SEGGER_RTT_printf.o"
#        "D:\ProjectWork\20.Double_Band\Code
#        test\nRF5SDK1702d674dde\nRF5_SDK_17.0.2_d674dde\examples\peripheral\twi_scanner\pca10056\blank\iar\_build\SEGGER_RTT_Syscalls_IAR.o"
#        "D:\ProjectWork\20.Double_Band\Code
#        test\nRF5SDK1702d674dde\nRF5_SDK_17.0.2_d674dde\examples\peripheral\twi_scanner\pca10056\blank\iar\_build\system_nrf52840.o"
#        --redirect _Printf=_PrintfFull --redirect _Scanf=_ScanfFull -o
#        "D:\ProjectWork\20.Double_Band\Code
#        test\nRF5SDK1702d674dde\nRF5_SDK_17.0.2_d674dde\examples\peripheral\twi_scanner\pca10056\blank\iar\_build\twi_scanner_pca10056.out"
#        --map "D:\ProjectWork\20.Double_Band\Code
#        test\nRF5SDK1702d674dde\nRF5_SDK_17.0.2_d674dde\examples\peripheral\twi_scanner\pca10056\blank\iar\_build\twi_scanner_pca10056.map"
#        --config "D:\ProjectWork\20.Double_Band\Code
#        test\nRF5SDK1702d674dde\nRF5_SDK_17.0.2_d674dde\examples\peripheral\twi_scanner\pca10056\blank\iar\twi_scanner_iar_nRF5x.icf"
#        --warnings_are_errors --entry __iar_program_start --inline --vfe
#        --text_out locale)
#
###############################################################################

*******************************************************************************
*** RUNTIME MODEL ATTRIBUTES
***

CppFlavor       = *
__SystemLibrary = DLib
__dlib_version  = 6


*******************************************************************************
*** HEAP SELECTION
***

The basic heap was selected because no calls to memory allocation
functions were found in the application outside of system library
functions, and there are calls to deallocation functions in the
application.


*******************************************************************************
*** PLACEMENT SUMMARY
***

"A0":  place at 0x00000000 { ro section .intvec };
define block RO_END with size = 0M, alignment = 8 { };
"P1":  place in [from 0x00000000 to 0x000fffff] { ro, block RO_END };
define block CSTACK with size = 8K, alignment = 8 { };
define block HEAP with size = 8K, alignment = 8 { };
"P2":  place in [from 0x20000000 to 0x2003ffff] {
          rw, block CSTACK, block HEAP };
initialize by copy { rw };
keep { section .intvec };

  Section            Kind        Address    Size  Object
  -------            ----        -------    ----  ------
"A0":                                      0x200
  .intvec            ro code  0x00000000   0x200  iar_startup_nrf52840.o [1]
                            - 0x00000200   0x200

"P1":                                     0x2a31
  .text              ro code  0x00000200   0x618  nrfx_twim.o [1]
  .text              ro code  0x00000818    0x50  nrfx_prs.o [1]
  .text              ro code  0x00000868    0xa6  ABImemcpy.o [5]
  .text              ro code  0x0000090e     0x2  iar_startup_nrf52840.o [1]
  .text              ro code  0x00000910    0x24  app_util_platform.o [1]
  .text              ro code  0x00000934   0x580  nrf_log_frontend.o [1]
  .text              ro code  0x00000eb4   0x154  nrf_memobj.o [1]
  .text              ro code  0x00001008    0x12  nrf_ringbuf.o [1]
  .text              ro code  0x0000101a     0x2  iar_startup_nrf52840.o [1]
  .text              ro code  0x0000101c    0x80  nrf_atomic.o [1]
  .text              ro code  0x0000109c    0x96  nrf_balloc.o [1]
  .text              ro code  0x00001132     0x2  iar_startup_nrf52840.o [1]
  .text              ro code  0x00001134   0x554  nrfx_uart.o [1]
  .text              ro code  0x00001688   0x51c  nrfx_uarte.o [1]
  .text              ro code  0x00001ba4   0x33c  nrf_fprintf_format.o [1]
  .text              ro code  0x00001ee0    0x40  nrf_fprintf.o [1]
  .text              ro code  0x00001f20    0x36  strlen.o [5]
  .text              ro code  0x00001f56     0x2  iar_startup_nrf52840.o [1]
  .text              ro code  0x00001f58   0x214  nrf_log_str_formatter.o [1]
  .text              ro code  0x0000216c    0x14  isalpha.o [3]
  .text              ro code  0x00002180    0x14  ispunct.o [3]
  .text              ro code  0x00002194    0x48  xlocale_c.o [3]
  .text              ro code  0x000021dc   0x18c  system_nrf52840.o [1]
  .text              ro code  0x00002370   0x168  nrf_drv_twi.o [1]
  .text              ro code  0x000024d8   0x130  main.o [1]
  .text              ro code  0x00002608    0x1e  app_error.o [1]
  .text              ro code  0x00002626     0x2  iar_startup_nrf52840.o [1]
  .text              ro code  0x00002628    0x20  nrf_log_default_backends.o [1]
  .text              ro code  0x00002648    0x6c  app_error_weak.o [1]
  .text              ro code  0x000026b4    0xf0  nrf_log_backend_uart.o [1]
  .text              ro code  0x000027a4    0x8c  nrf_drv_uart.o [1]
  .text              ro code  0x00002830    0xcc  nrf_log_backend_serial.o [1]
  .text              ro code  0x000028fc     0x6  ABImemclr4.o [5]
  .text              ro code  0x00002902     0x2  iar_startup_nrf52840.o [1]
  .text              ro code  0x00002904    0x32  ABImemset48.o [5]
  .text              ro code  0x00002936     0x2  iar_startup_nrf52840.o [1]
  .rodata            const    0x00002938    0x58  nrf_log_str_formatter.o [1]
  .text              ro code  0x00002990    0x40  zero_init3.o [5]
  .text              ro code  0x000029d0    0x38  packbits_init_single.o [5]
  .text              ro code  0x00002a08    0x28  data_init.o [5]
  log_const_data              0x00002a30    0x28  <Block>
    log_const_data   const    0x00002a30     0x8  nrf_log_frontend.o [1]
    log_const_data   const    0x00002a38     0x8  nrfx_prs.o [1]
    log_const_data   const    0x00002a40     0x8  nrfx_twim.o [1]
    log_const_data   const    0x00002a48     0x8  nrfx_uart.o [1]
    log_const_data   const    0x00002a50     0x8  nrfx_uarte.o [1]
  .text              ro code  0x00002a58    0x22  fpinit_M.o [4]
  .iar.init_table    const    0x00002a7c    0x20  - Linker created -
  .text              ro code  0x00002a9c     0x2  iar_startup_nrf52840.o [1]
  .text              ro code  0x00002aa0    0x1e  cmain.o [5]
  .text              ro code  0x00002abe     0x4  exit.o [3]
  .text              ro code  0x00002ac2     0x2  iar_startup_nrf52840.o [1]
  .text              ro code  0x00002ac4     0xa  cexit.o [5]
  .text              ro code  0x00002ace     0x2  iar_startup_nrf52840.o [1]
  .text              ro code  0x00002ad0     0xc  XXexit.o [5]
  .rodata            const    0x00002adc    0x1c  app_error_weak.o [1]
  .rodata            const    0x00002af8    0x14  nrf_log_default_backends.o [1]
  nrf_balloc         const    0x00002b0c    0x14  nrf_log_frontend.o [1]
  .text              ro code  0x00002b20    0x10  iar_startup_nrf52840.o [1]
  log_backends       const    0x00002b30    0x10  nrf_log_default_backends.o [1]
  .rodata            const    0x00002b40     0xc  nrf_log_backend_uart.o [1]
  .text              ro code  0x00002b4c     0xc  cstartup_M.o [5]
  .rodata            const    0x00002b58     0x8  nrfx_twim.o [1]
  .rodata            const    0x00002b60     0x8  nrfx_uart.o [1]
  .rodata            const    0x00002b68     0x8  nrfx_uarte.o [1]
  .rodata            const    0x00002b70     0x4  nrf_log_frontend.o [1]
  .rodata            const    0x00002b74     0x4  nrfx_prs.o [1]
  .rodata            const    0x00002b78     0x2  xlocale_c.o [3]
  .text              ro code  0x00002b7a     0x2  iar_startup_nrf52840.o [1]
  .text              ro code  0x00002b7c     0x2  iar_startup_nrf52840.o [1]
  .text              ro code  0x00002b7e     0x2  iar_startup_nrf52840.o [1]
  .text              ro code  0x00002b80     0x2  iar_startup_nrf52840.o [1]
  .text              ro code  0x00002b82     0x2  iar_startup_nrf52840.o [1]
  .text              ro code  0x00002b84     0x2  iar_startup_nrf52840.o [1]
  .text              ro code  0x00002b86     0x2  iar_startup_nrf52840.o [1]
  .text              ro code  0x00002b88     0x2  iar_startup_nrf52840.o [1]
  .text              ro code  0x00002b8a     0x2  iar_startup_nrf52840.o [1]
  .text              ro code  0x00002b8c     0x2  iar_startup_nrf52840.o [1]
  .text              ro code  0x00002b8e     0x2  iar_startup_nrf52840.o [1]
  .text              ro code  0x00002b90     0x2  iar_startup_nrf52840.o [1]
  .text              ro code  0x00002b92     0x2  iar_startup_nrf52840.o [1]
  .text              ro code  0x00002b94     0x2  iar_startup_nrf52840.o [1]
  .text              ro code  0x00002b96     0x2  iar_startup_nrf52840.o [1]
  .text              ro code  0x00002b98     0x2  iar_startup_nrf52840.o [1]
  .text              ro code  0x00002b9a     0x2  iar_startup_nrf52840.o [1]
  .text              ro code  0x00002b9c     0x2  iar_startup_nrf52840.o [1]
  .text              ro code  0x00002b9e     0x2  iar_startup_nrf52840.o [1]
  .text              ro code  0x00002ba0     0x2  iar_startup_nrf52840.o [1]
  .text              ro code  0x00002ba2     0x2  iar_startup_nrf52840.o [1]
  .text              ro code  0x00002ba4     0x2  iar_startup_nrf52840.o [1]
  .text              ro code  0x00002ba6     0x2  iar_startup_nrf52840.o [1]
  .text              ro code  0x00002ba8     0x2  iar_startup_nrf52840.o [1]
  .text              ro code  0x00002baa     0x2  iar_startup_nrf52840.o [1]
  .text              ro code  0x00002bac     0x2  iar_startup_nrf52840.o [1]
  .text              ro code  0x00002bae     0x2  iar_startup_nrf52840.o [1]
  .text              ro code  0x00002bb0     0x2  iar_startup_nrf52840.o [1]
  .text              ro code  0x00002bb2     0x2  iar_startup_nrf52840.o [1]
  .text              ro code  0x00002bb4     0x2  iar_startup_nrf52840.o [1]
  .text              ro code  0x00002bb6     0x2  iar_startup_nrf52840.o [1]
  .text              ro code  0x00002bb8     0x2  iar_startup_nrf52840.o [1]
  .text              ro code  0x00002bba     0x2  iar_startup_nrf52840.o [1]
  .text              ro code  0x00002bbc     0x2  iar_startup_nrf52840.o [1]
  .text              ro code  0x00002bbe     0x2  iar_startup_nrf52840.o [1]
  .text              ro code  0x00002bc0     0x2  iar_startup_nrf52840.o [1]
  .text              ro code  0x00002bc2     0x2  iar_startup_nrf52840.o [1]
  .text              ro code  0x00002bc4     0x2  iar_startup_nrf52840.o [1]
  .text              ro code  0x00002bc6     0x2  iar_startup_nrf52840.o [1]
  .rodata            const    0x00002bc8     0x0  zero_init3.o [5]
  .rodata            const    0x00002bc8     0x0  packbits_init_single.o [5]
  Initializer bytes  const    0x00002bc8    0x69  <for P2-1>
                            - 0x00002c31  0x2a31

"P2", part 1 of 3:                          0xa4
  P2-1                        0x20000000    0xa4  <Init block>
    .data            inited   0x20000000    0x18  nrf_log_backend_uart.o [1]
    .data            inited   0x20000018     0x8  nrf_log_default_backends.o [1]
    .data            inited   0x20000020    0x38  nrf_log_str_formatter.o [1]
    .data            inited   0x20000058     0x4  system_nrf52840.o [1]
    .data            inited   0x2000005c    0x48  xlocale_c.o [3]
                            - 0x200000a4    0xa4

"P2", part 2 of 3:                         0x6b0
  .bss               zero     0x200000a4   0x420  nrf_log_frontend.o [1]
  .bss               zero     0x200004c4    0xc0  nrf_log_frontend.o [1]
  .bss               zero     0x20000584    0x80  nrf_log_frontend.o [1]
  .bss               zero     0x20000604    0x68  nrfx_twim.o [1]
  .bss               zero     0x2000066c    0x40  nrf_log_backend_uart.o [1]
  .bss               zero     0x200006ac    0x2c  nrfx_uart.o [1]
  .bss               zero     0x200006d8    0x24  nrfx_uarte.o [1]
  .bss               zero     0x200006fc    0x18  nrf_log_frontend.o [1]
  .bss               zero     0x20000714    0x14  nrf_drv_uart.o [1]
  .bss               zero     0x20000728    0x10  nrf_drv_twi.o [1]
  .bss               zero     0x20000738     0x8  nrf_log_frontend.o [1]
  .bss               zero     0x20000740     0x8  nrf_log_frontend.o [1]
  .bss               zero     0x20000748     0x8  nrfx_prs.o [1]
  .bss               zero     0x20000750     0x4  app_util_platform.o [1]
                            - 0x20000754   0x6b0

"P2", part 3 of 3:                        0x2000
  CSTACK                      0x20000758  0x2000  <Block>
    CSTACK           uninit   0x20000758  0x2000  <Block tail>
                            - 0x20002758  0x2000


*******************************************************************************
*** INIT TABLE
***

          Address     Size
          -------     ----
Zero (__iar_zero_init3)
    1 destination range, total size 0x6b0:
          0x200000a4  0x6b0

Copy/packbits (__iar_packbits_init_single3)
    1 source range, total size 0x69 (64% of destination):
          0x00002bc8   0x69
    1 destination range, total size 0xa4:
          0x20000000   0xa4



*******************************************************************************
*** MODULE SUMMARY
***

    Module                      ro code  ro data  rw data
    ------                      -------  -------  -------
D:\ProjectWork\20.Double_Band\Code test\nRF5SDK1702d674dde\nRF5_SDK_17.0.2_d674dde\examples\peripheral\twi_scanner\pca10056\blank\iar\_build: [1]
    app_error.o                      30
    app_error_weak.o                108       28
    app_util_platform.o              36                 4
    iar_startup_nrf52840.o          626
    main.o                          304
    nrf_atomic.o                    128
    nrf_balloc.o                    150
    nrf_drv_twi.o                   360                16
    nrf_drv_uart.o                  140                20
    nrf_fprintf.o                    64
    nrf_fprintf_format.o            828
    nrf_log_backend_serial.o        204
    nrf_log_backend_uart.o          240       27       88
    nrf_log_default_backends.o       32       41        8
    nrf_log_frontend.o            1 408       32    1 416
    nrf_log_str_formatter.o         532      124       56
    nrf_memobj.o                    340
    nrf_ringbuf.o                    18
    nrfx_prs.o                       80       12        8
    nrfx_twim.o                   1 560       16      104
    nrfx_uart.o                   1 364       16       44
    nrfx_uarte.o                  1 308       16       36
    system_nrf52840.o               396        2        4
    -----------------------------------------------------
    Total:                       10 256      314    1 804

command line: [2]
    -----------------------------------------------------
    Total:

dl7M_tlf.a: [3]
    exit.o                            4
    isalpha.o                        20
    ispunct.o                        20
    xlocale_c.o                      72       49       72
    -----------------------------------------------------
    Total:                          116       49       72

m7M_tls.a: [4]
    fpinit_M.o                       34
    -----------------------------------------------------
    Total:                           34

rt7M_tl.a: [5]
    ABImemclr4.o                      6
    ABImemcpy.o                     166
    ABImemset48.o                    50
    XXexit.o                         12
    cexit.o                          10
    cmain.o                          30
    cstartup_M.o                     12
    data_init.o                      40
    packbits_init_single.o           56
    strlen.o                         54
    zero_init3.o                     64
    -----------------------------------------------------
    Total:                          500

    Gaps                             10        2
    Linker created                            32    8 192
---------------------------------------------------------
    Grand Total:                 10 916      397   10 068


*******************************************************************************
*** ENTRY LIST
***

Entry                      Address   Size  Type      Object
-----                      -------   ----  ----      ------
.iar.init_table$$Base   0x00002a7c          --   Gb  - Linker created -
.iar.init_table$$Limit  0x00002a9c          --   Gb  - Linker created -
?main                   0x00002aa1         Code  Gb  cmain.o [5]
CSTACK$$Base            0x20000758          --   Gb  - Linker created -
CSTACK$$Limit           0x20002758          --   Gb  - Linker created -
Region$$Table$$Base     0x00002a7c          --   Gb  - Linker created -
Region$$Table$$Limit    0x00002a9c          --   Gb  - Linker created -
SPIM0_SPIS0_TWIM0_TWIS0_SPI0_TWI0_IRQHandler
                        0x000007c7    0x6  Code  Gb  nrfx_twim.o [1]
SPIM1_SPIS1_TWIM1_TWIS1_SPI1_TWI1_IRQHandler
                        0x000007cd    0x8  Code  Gb  nrfx_twim.o [1]
SystemCoreClock         0x20000058    0x4  Data  Gb  system_nrf52840.o [1]
SystemInit              0x000021dd  0x13e  Code  Gb  system_nrf52840.o [1]
UARTE0_UART0_IRQHandler
                        0x00000819    0x6  Code  Gb  nrfx_prs.o [1]
_LocaleC_isalpha        0x0000219b    0xc  Code  Gb  xlocale_c.o [3]
_LocaleC_islower        0x00002195    0x4  Code  Gb  xlocale_c.o [3]
_LocaleC_ispunct        0x000021b1   0x22  Code  Gb  xlocale_c.o [3]
_LocaleC_isupper        0x00002199    0x2  Code  Gb  xlocale_c.o [3]
_NRFX_IRQ_PENDING_CLEAR
                        0x00000201   0x18  Code  Lc  nrfx_twim.o [1]
__ICFEDIT_region_RAM_end__ {Abs}
                        0x2003ffff         Data  Gb  command line/config [2]
__ICFEDIT_region_RAM_start__ {Abs}
                        0x20000000         Data  Gb  command line/config [2]
__Vectors               0x00000000          --   Gb  iar_startup_nrf52840.o [1]
__Vectors_End           0x00000200         Data  Gb  iar_startup_nrf52840.o [1]
__Vectors_Size {Abs}    0x00000200          --   Gb  iar_startup_nrf52840.o [1]
__aeabi_memclr4         0x000028fd         Code  Gb  ABImemclr4.o [5]
__aeabi_memcpy          0x00000869         Code  Gb  ABImemcpy.o [5]
__aeabi_memcpy4         0x00000889         Code  Gb  ABImemcpy.o [5]
__aeabi_memcpy8         0x00000889         Code  Gb  ABImemcpy.o [5]
__cmain                 0x00002aa1         Code  Gb  cmain.o [5]
__exit                  0x00002ad1         Code  Gb  XXexit.o [5]
__iar_Memset4_word      0x00002905         Code  Gb  ABImemset48.o [5]
__iar_Memset8_word      0x00002905         Code  Gb  ABImemset48.o [5]
__iar_data_init3        0x00002a09   0x28  Code  Gb  data_init.o [5]
__iar_globLocale        0x2000005c   0x48  Data  Lc  xlocale_c.o [3]
__iar_global_Locale     0x000021d3    0x4  Code  Gb  xlocale_c.o [3]
__iar_init_vfp          0x00002a59         Code  Gb  fpinit_M.o [4]
__iar_packbits_init_single3
                        0x000029d1   0x38  Code  Gb  packbits_init_single.o [5]
__iar_program_start     0x00002b4d         Code  Gb  cstartup_M.o [5]
__iar_systems$$module {Abs}
                        0x00000001         Data  Gb  command line/config [2]
__iar_zero_init3        0x00002991   0x40  Code  Gb  zero_init3.o [5]
__vector_table          0x00000000         Data  Gb  iar_startup_nrf52840.o [1]
_call_main              0x00002aad         Code  Gb  cmain.o [5]
_exit                   0x00002ac5         Code  Gb  cexit.o [5]
_main                   0x00002abb         Code  Gb  cmain.o [5]
app_error_fault_handler
                        0x00002649   0x6c  Code  Wk  app_error_weak.o [1]
app_error_handler_bare  0x00002609   0x1e  Code  Gb  app_error.o [1]
app_util_critical_region_enter
                        0x0000091f    0x2  Code  Gb  app_util_platform.o [1]
app_util_critical_region_exit
                        0x0000092d    0x2  Code  Gb  app_util_platform.o [1]
app_util_enable_irq     0x00000911    0xe  Code  Gb  app_util_platform.o [1]
apply_config            0x000011e5   0x74  Code  Lc  nrfx_uart.o [1]
apply_config            0x00001727   0x74  Code  Lc  nrfx_uarte.o [1]
buf_prealloc            0x00000ae9   0x70  Code  Lc  nrf_log_frontend.o [1]
buffer_add              0x00001ba5   0x2c  Code  Lc  nrf_fprintf_format.o [1]
buffer_is_empty         0x00000bd5   0x12  Code  Gb  nrf_log_frontend.o [1]
dropped_sat16_get       0x00000a8b   0x12  Code  Lc  nrf_log_frontend.o [1]
exit                    0x00002abf    0x4  Code  Gb  exit.o [3]
int_print               0x00001c71   0xa4  Code  Lc  nrf_fprintf_format.o [1]
interrupts_disable      0x000012bf   0x30  Code  Lc  nrfx_uart.o [1]
interrupts_disable      0x0000181b   0x30  Code  Lc  nrfx_uarte.o [1]
interrupts_enable       0x00001259   0x66  Code  Lc  nrfx_uart.o [1]
interrupts_enable       0x0000179d   0x7e  Code  Lc  nrfx_uarte.o [1]
invalid_packets_omit    0x000009d3   0x3a  Code  Lc  nrf_log_frontend.o [1]
isalpha                 0x0000216d   0x14  Code  Gb  isalpha.o [3]
ispunct                 0x00002181   0x14  Code  Gb  ispunct.o [3]
log_backend_cb_uart_log_backend
                        0x20000018    0x8  Data  Lc  nrf_log_default_backends.o [1]
log_const_data$$Base    0x00002a30          --   Gb  - Linker created -
log_const_data$$Limit   0x00002a58          --   Gb  - Linker created -
log_dynamic_data$$Base  0x00000000          --   Gb  - Linker created -
log_mempool             0x00002b0c   0x14  Data  Gb  nrf_log_frontend.o [1]
log_mempool_nrf_balloc_cb
                        0x20000740    0x8  Data  Lc  nrf_log_frontend.o [1]
log_mempool_nrf_balloc_pool_mem
                        0x200004c4   0xc0  Data  Lc  nrf_log_frontend.o [1]
log_mempool_nrf_balloc_pool_stack
                        0x20000738    0x8  Data  Lc  nrf_log_frontend.o [1]
log_skip                0x00000a0d   0x7e  Code  Lc  nrf_log_frontend.o [1]
m_async_mode            0x20000001    0x1  Data  Lc  nrf_log_backend_uart.o [1]
m_cb                    0x20000604   0x68  Data  Lc  nrfx_twim.o [1]
m_cb                    0x200006ac   0x2c  Data  Lc  nrfx_uart.o [1]
m_cb                    0x200006d8   0x24  Data  Lc  nrfx_uarte.o [1]
m_colors                0x20000034   0x24  Data  Lc  nrf_log_str_formatter.o [1]
m_contexts              0x20000730    0x8  Data  Lc  nrf_drv_twi.o [1]
m_contexts              0x20000720    0x8  Data  Lc  nrf_drv_uart.o [1]
m_handlers              0x20000728    0x8  Data  Lc  nrf_drv_twi.o [1]
m_handlers              0x20000718    0x8  Data  Lc  nrf_drv_uart.o [1]
m_in_critical_region    0x20000750    0x4  Data  Lc  app_util_platform.o [1]
m_log_data              0x200000a4  0x420  Data  Lc  nrf_log_frontend.o [1]
m_log_push_ringbuf      0x00000ea8    0xc  Data  Lc  nrf_log_frontend.o [1]
m_log_push_ringbuf_buf  0x20000584   0x80  Data  Lc  nrf_log_frontend.o [1]
m_log_push_ringbuf_cb   0x200006fc   0x18  Data  Lc  nrf_log_frontend.o [1]
m_nrf_log_PRS_logs_data_const
                        0x00002a38    0x8  Data  Gb  nrfx_prs.o [1]
m_nrf_log_TWIM_logs_data_const
                        0x00002a40    0x8  Data  Gb  nrfx_twim.o [1]
m_nrf_log_UARTE_logs_data_const
                        0x00002a50    0x8  Data  Gb  nrfx_uarte.o [1]
m_nrf_log_UART_logs_data_const
                        0x00002a48    0x8  Data  Gb  nrfx_uart.o [1]
m_nrf_log_app_logs_data_const
                        0x00002a30    0x8  Data  Gb  nrf_log_frontend.o [1]
m_prs_box_4             0x20000748    0x8  Data  Lc  nrfx_prs.o [1]
m_string_buff           0x2000066c   0x40  Data  Lc  nrf_log_backend_uart.o [1]
m_twi                   0x000025e8   0x10  Data  Lc  main.o [1]
m_uart                  0x20000004   0x14  Data  Gb  nrf_log_backend_uart.o [1]
m_xfer_done             0x20000000    0x1  Data  Lc  nrf_log_backend_uart.o [1]
main                    0x00002505   0x82  Code  Gb  main.o [1]
memobj_op               0x00000f6d   0x84  Code  Lc  nrf_memobj.o [1]
module_idx_get          0x00000955   0x32  Code  Lc  nrf_log_frontend.o [1]
nrf_atomic_flag_clear_fetch
                        0x00001099    0x4  Code  Gb  nrf_atomic.o [1]
nrf_atomic_flag_set     0x00001095    0x4  Code  Gb  nrf_atomic.o [1]
nrf_atomic_u32_add      0x00001065   0x18  Code  Gb  nrf_atomic.o [1]
nrf_atomic_u32_fetch_and
                        0x0000104d   0x18  Code  Gb  nrf_atomic.o [1]
nrf_atomic_u32_fetch_store
                        0x0000101d   0x16  Code  Gb  nrf_atomic.o [1]
nrf_atomic_u32_or       0x00001035   0x18  Code  Gb  nrf_atomic.o [1]
nrf_atomic_u32_sub      0x0000107d   0x18  Code  Gb  nrf_atomic.o [1]
nrf_balloc_alloc        0x000010cb   0x3e  Code  Gb  nrf_balloc.o [1]
nrf_balloc_free         0x00001109   0x2a  Code  Gb  nrf_balloc.o [1]
nrf_balloc_init         0x0000109d   0x2e  Code  Gb  nrf_balloc.o [1]
nrf_drv_twi_init        0x00002469   0x38  Code  Gb  nrf_drv_twi.o [1]
nrf_drv_uart_init       0x000027d1   0x52  Code  Gb  nrf_drv_uart.o [1]
nrf_drv_uart_use_easy_dma
                        0x20000714    0x2  Data  Gb  nrf_drv_uart.o [1]
nrf_fprintf             0x00001ef9   0x22  Code  Gb  nrf_fprintf.o [1]
nrf_fprintf_buffer_flush
                        0x00001ee1   0x16  Code  Gb  nrf_fprintf.o [1]
nrf_fprintf_fmt         0x00001d15  0x1aa  Code  Gb  nrf_fprintf_format.o [1]
nrf_gpio_cfg            0x00000243   0x30  Code  Lc  nrfx_twim.o [1]
nrf_gpio_cfg            0x0000116b   0x30  Code  Lc  nrfx_uart.o [1]
nrf_gpio_cfg            0x000016ad   0x30  Code  Lc  nrfx_uarte.o [1]
nrf_gpio_cfg_default    0x000011b7    0x8  Code  Lc  nrfx_uart.o [1]
nrf_gpio_cfg_default    0x000016f9    0x8  Code  Lc  nrfx_uarte.o [1]
nrf_gpio_cfg_input      0x000011a5    0xc  Code  Lc  nrfx_uart.o [1]
nrf_gpio_cfg_input      0x000016e7    0xc  Code  Lc  nrfx_uarte.o [1]
nrf_gpio_cfg_output     0x0000119b    0xa  Code  Lc  nrfx_uart.o [1]
nrf_gpio_cfg_output     0x000016dd    0xa  Code  Lc  nrfx_uarte.o [1]
nrf_gpio_pin_clear      0x0000238f    0xc  Code  Lc  nrf_drv_twi.o [1]
nrf_gpio_pin_set        0x00002381    0xe  Code  Lc  nrf_drv_twi.o [1]
nrf_gpio_pin_set        0x000011cb   0x1a  Code  Lc  nrfx_uart.o [1]
nrf_gpio_pin_set        0x0000170d   0x1a  Code  Lc  nrfx_uarte.o [1]
nrf_log_backend_add     0x00000df9   0x52  Code  Gb  nrf_log_frontend.o [1]
nrf_log_backend_serial_put
                        0x00002831   0xcc  Code  Gb  nrf_log_backend_serial.o [1]
nrf_log_backend_uart_api
                        0x00002b40    0xc  Data  Gb  nrf_log_backend_uart.o [1]
nrf_log_backend_uart_flush
                        0x00002749    0x2  Code  Lc  nrf_log_backend_uart.o [1]
nrf_log_backend_uart_init
                        0x000026ff    0x4  Code  Gb  nrf_log_backend_uart.o [1]
nrf_log_backend_uart_panic_set
                        0x0000274b   0x26  Code  Lc  nrf_log_backend_uart.o [1]
nrf_log_backend_uart_put
                        0x00002739   0x10  Code  Lc  nrf_log_backend_uart.o [1]
nrf_log_color_id_get    0x000009a5   0x2e  Code  Gb  nrf_log_frontend.o [1]
nrf_log_default_backends_init
                        0x00002629   0x16  Code  Gb  nrf_log_default_backends.o [1]
nrf_log_frontend_dequeue
                        0x00000be9  0x1de  Code  Gb  nrf_log_frontend.o [1]
nrf_log_frontend_std_0  0x00000bbf    0x6  Code  Gb  nrf_log_frontend.o [1]
nrf_log_frontend_std_1  0x00000bc5    0xc  Code  Gb  nrf_log_frontend.o [1]
nrf_log_hexdump_entry_process
                        0x00002069   0xaa  Code  Gb  nrf_log_str_formatter.o [1]
nrf_log_init            0x00000935   0x20  Code  Gb  nrf_log_frontend.o [1]
nrf_log_module_name_get
                        0x00000987   0x1a  Code  Gb  nrf_log_frontend.o [1]
nrf_log_panic           0x00000e4b   0x26  Code  Gb  nrf_log_frontend.o [1]
nrf_log_std_entry_process
                        0x00001fe9   0x80  Code  Gb  nrf_log_str_formatter.o [1]
nrf_memobj_alloc        0x00000eb9   0x62  Code  Gb  nrf_memobj.o [1]
nrf_memobj_free         0x00000f1b   0x2c  Code  Gb  nrf_memobj.o [1]
nrf_memobj_get          0x00000f47    0x8  Code  Gb  nrf_memobj.o [1]
nrf_memobj_pool_init    0x00000eb5    0x4  Code  Gb  nrf_memobj.o [1]
nrf_memobj_put          0x00000f4f   0x1e  Code  Gb  nrf_memobj.o [1]
nrf_memobj_read         0x00000ff9    0x6  Code  Gb  nrf_memobj.o [1]
nrf_memobj_write        0x00000ff1    0x8  Code  Gb  nrf_memobj.o [1]
nrf_ringbuf_init        0x00001009   0x12  Code  Gb  nrf_ringbuf.o [1]
nrf_twim_event_check    0x00000229    0xa  Code  Lc  nrfx_twim.o [1]
nrf_twim_event_clear    0x00000219   0x10  Code  Lc  nrfx_twim.o [1]
nrf_twim_rx_buffer_set  0x00000239    0x4  Code  Lc  nrfx_twim.o [1]
nrf_twim_tx_buffer_set  0x00000233    0x6  Code  Lc  nrfx_twim.o [1]
nrf_uart_event_check    0x00001145    0x4  Code  Lc  nrfx_uart.o [1]
nrf_uart_event_clear    0x00001135   0x10  Code  Lc  nrfx_uart.o [1]
nrf_uart_hwfc_pins_set  0x00001161    0xa  Code  Lc  nrfx_uart.o [1]
nrf_uart_int_enable_check
                        0x00001149    0xe  Code  Lc  nrfx_uart.o [1]
nrf_uart_txrx_pins_set  0x00001157    0xa  Code  Lc  nrfx_uart.o [1]
nrf_uarte_event_check   0x00001699    0x4  Code  Lc  nrfx_uarte.o [1]
nrf_uarte_event_clear   0x00001689   0x10  Code  Lc  nrfx_uarte.o [1]
nrf_uarte_hwfc_pins_set
                        0x000016a3    0x4  Code  Lc  nrfx_uarte.o [1]
nrf_uarte_txrx_pins_set
                        0x0000169d    0x6  Code  Lc  nrfx_uarte.o [1]
nrfx_coredep_delay_us   0x00002371   0x10  Code  Lc  nrf_drv_twi.o [1]
nrfx_coredep_delay_us::delay_machine_code
                        0x000024d0    0x8  Data  Lc  nrf_drv_twi.o [1]
nrfx_prs_acquire        0x0000081f   0x32  Code  Gb  nrfx_prs.o [1]
nrfx_prs_release        0x00000851   0x10  Code  Gb  nrfx_prs.o [1]
nrfx_twim_enable        0x000003a7   0x1c  Code  Gb  nrfx_twim.o [1]
nrfx_twim_init          0x000002d1   0xd6  Code  Gb  nrfx_twim.o [1]
nrfx_twim_init::irq_handlers
                        0x000007fc    0x8  Data  Lc  nrfx_twim.o [1]
nrfx_twim_rx            0x0000062d   0x2c  Code  Gb  nrfx_twim.o [1]
nrfx_twim_xfer          0x00000611   0x1a  Code  Gb  nrfx_twim.o [1]
nrfx_uart_0_irq_handler
                        0x0000164f    0x6  Code  Gb  nrfx_uart.o [1]
nrfx_uart_init          0x00001351   0x70  Code  Gb  nrfx_uart.o [1]
nrfx_uart_init::irq_handlers
                        0x00001684    0x4  Data  Lc  nrfx_uart.o [1]
nrfx_uart_tx            0x00001419   0x96  Code  Gb  nrfx_uart.o [1]
nrfx_uart_tx_in_progress
                        0x000014af    0xe  Code  Gb  nrfx_uart.o [1]
nrfx_uart_uninit        0x000013c1   0x38  Code  Gb  nrfx_uart.o [1]
nrfx_uarte_0_irq_handler
                        0x00001b6f    0x6  Code  Gb  nrfx_uarte.o [1]
nrfx_uarte_init         0x000018ad   0x68  Code  Gb  nrfx_uarte.o [1]
nrfx_uarte_init::irq_handlers
                        0x00001ba0    0x4  Data  Lc  nrfx_uarte.o [1]
nrfx_uarte_tx           0x0000197f   0x8e  Code  Gb  nrfx_uarte.o [1]
nrfx_uarte_tx_in_progress
                        0x00001a15    0xc  Code  Gb  nrfx_uarte.o [1]
nrfx_uarte_uninit       0x00001915   0x6a  Code  Gb  nrfx_uarte.o [1]
pins_to_default         0x000012ef   0x62  Code  Lc  nrfx_uart.o [1]
pins_to_default         0x0000184b   0x62  Code  Lc  nrfx_uarte.o [1]
postfix_process         0x00001fb9   0x30  Code  Lc  nrf_log_str_formatter.o [1]
prefix_process          0x00001f59   0x60  Code  Lc  nrf_log_str_formatter.o [1]
rx_byte                 0x000014c5   0x32  Code  Lc  nrfx_uart.o [1]
rx_done_event           0x000014f7   0x16  Code  Lc  nrfx_uart.o [1]
rx_done_event           0x00001a29   0x16  Code  Lc  nrfx_uarte.o [1]
serial_tx               0x00002703   0x36  Code  Lc  nrf_log_backend_uart.o [1]
severity_names          0x20000020   0x14  Data  Lc  nrf_log_str_formatter.o [1]
std_header_set          0x00000a9d   0x4c  Code  Lc  nrf_log_frontend.o [1]
std_n                   0x00000b65   0x5a  Code  Lc  nrf_log_frontend.o [1]
strlen                  0x00001f21         Code  Gb  strlen.o [5]
twi_clear_bus           0x000023a5   0x78  Code  Lc  nrf_drv_twi.o [1]
twi_init                0x000024d9   0x2a  Code  Gb  main.o [1]
twim_evt_handler        0x0000242d   0x3c  Code  Lc  nrf_drv_twi.o [1]
twim_irq_handler        0x00000659  0x152  Code  Lc  nrfx_twim.o [1]
twim_list_enable_handle
                        0x000003c3   0x1a  Code  Lc  nrfx_twim.o [1]
twim_xfer               0x000003dd  0x22c  Code  Lc  nrfx_twim.o [1]
tx_byte                 0x000013f9   0x20  Code  Lc  nrfx_uart.o [1]
tx_done_event           0x0000150d   0x1a  Code  Lc  nrfx_uart.o [1]
tx_done_event           0x00001a3f   0x1a  Code  Lc  nrfx_uarte.o [1]
uart_evt_handler        0x000027a9    0x2  Code  Lc  nrf_drv_uart.o [1]
uart_evt_handler        0x000026b5    0x8  Code  Lc  nrf_log_backend_uart.o [1]
uart_init               0x000026bd   0x42  Code  Lc  nrf_log_backend_uart.o [1]
uart_irq_handler        0x0000152d  0x11e  Code  Lc  nrfx_uart.o [1]
uart_log_backend        0x00002b30   0x10  Data  Lc  nrf_log_default_backends.o [1]
uarte_evt_handler       0x000027a5    0x4  Code  Lc  nrf_drv_uart.o [1]
uarte_irq_handler       0x00001a71   0xe6  Code  Lc  nrfx_uarte.o [1]
unsigned_print          0x00001bd1   0xa0  Code  Lc  nrf_fprintf_format.o [1]
unsigned_print::_aV2C   0x00001ed0   0x10  Data  Lc  nrf_fprintf_format.o [1]
xfer_completeness_check
                        0x00000275   0x5a  Code  Lc  nrfx_twim.o [1]


[1] = D:\ProjectWork\20.Double_Band\Code test\nRF5SDK1702d674dde\nRF5_SDK_17.0.2_d674dde\examples\peripheral\twi_scanner\pca10056\blank\iar\_build
[2] = command line
[3] = dl7M_tlf.a
[4] = m7M_tls.a
[5] = rt7M_tl.a

  10 916 bytes of readonly  code memory
     397 bytes of readonly  data memory
  10 068 bytes of readwrite data memory

Errors: none
Warnings: none
